// Jest Snapshot v1, https://goo.gl/fbAQLP

exports[`SideMenu It matches the snapshot 1`] = `
<div>
  <div
    class="src__Container-sc-17aznbp-0 iMFenz"
  >
    <header>
      <div
        role="presentation"
      >
        <div>
          CompanyLogo
        </div>
      </div>
      <div
        class="user"
      >
        <svg
          aria-hidden="true"
          class="octicon"
          height="16"
          role="img"
          style="display: inline-block; fill: currentColor; user-select: none; vertical-align: text-bottom;"
          viewBox="0 0 12 16"
          width="12"
        >
          <path
            d="M12 14.002a.998.998 0 01-.998.998H1.001A1 1 0 010 13.999V13c0-2.633 4-4 4-4s.229-.409 0-1c-.841-.62-.944-1.59-1-4 .173-2.413 1.867-3 3-3s2.827.586 3 3c-.056 2.41-.159 3.38-1 4-.229.59 0 1 0 1s4 1.367 4 4v1.002z"
            fill-rule="evenodd"
          />
        </svg>
        <div
          class="userName"
        >
          Tuija Karling
        </div>
      </div>
    </header>
    <div
      class="contentContainer"
    >
      <nav>
        sidemenu
      </nav>
      <div
        class="content"
      />
    </div>
  </div>
</div>
`;
